manifest should match snapshot:
  1: |
    replicas: 1
    selector:
      matchLabels:
        app.kubernetes.io/instance: RELEASE-NAME
        app.kubernetes.io/name: example-application
    template:
      metadata:
        labels:
          app.kubernetes.io/instance: RELEASE-NAME
          app.kubernetes.io/name: example-application
      spec:
        containers:
        - image: test-docker-registry:1.2.3-TEST
          imagePullPolicy: IfNotPresent
          livenessProbe:
            httpGet:
              path: /
              port: http
          name: example-application
          ports:
          - containerPort: 80
            name: http
            protocol: TCP
          readinessProbe:
            httpGet:
              path: /
              port: http
          resources: {}
